Release 14.7 - xst P.20131013 (nt)
Copyright (c) 1995-2013 Xilinx, Inc.  All rights reserved.
--> Parameter TMPDIR set to xst/projnav.tmp


Total REAL time to Xst completion: 0.00 secs
Total CPU time to Xst completion: 0.13 secs
 
--> Parameter xsthdpdir set to xst


Total REAL time to Xst completion: 0.00 secs
Total CPU time to Xst completion: 0.13 secs
 
--> Reading design: PS2_RX_SCH.prj

TABLE OF CONTENTS
  1) Synthesis Options Summary
  2) HDL Compilation
  3) Design Hierarchy Analysis
  4) HDL Analysis
  5) HDL Synthesis
     5.1) HDL Synthesis Report
  6) Advanced HDL Synthesis
     6.1) Advanced HDL Synthesis Report
  7) Low Level Synthesis
  8) Partition Report
  9) Final Report
	9.1) Device utilization summary
	9.2) Partition Resource Summary
	9.3) TIMING REPORT


=========================================================================
*                      Synthesis Options Summary                        *
=========================================================================
---- Source Parameters
Input File Name                    : "PS2_RX_SCH.prj"
Input Format                       : mixed
Ignore Synthesis Constraint File   : NO

---- Target Parameters
Output File Name                   : "PS2_RX_SCH"
Output Format                      : NGC
Target Device                      : xc3s500e-4-fg320

---- Source Options
Top Module Name                    : PS2_RX_SCH
Automatic FSM Extraction           : YES
FSM Encoding Algorithm             : Auto
Safe Implementation                : No
FSM Style                          : LUT
RAM Extraction                     : Yes
RAM Style                          : Auto
ROM Extraction                     : Yes
Mux Style                          : Auto
Decoder Extraction                 : YES
Priority Encoder Extraction        : Yes
Shift Register Extraction          : YES
Logical Shifter Extraction         : YES
XOR Collapsing                     : YES
ROM Style                          : Auto
Mux Extraction                     : Yes
Resource Sharing                   : YES
Asynchronous To Synchronous        : NO
Multiplier Style                   : Auto
Automatic Register Balancing       : No

---- Target Options
Add IO Buffers                     : YES
Global Maximum Fanout              : 100000
Add Generic Clock Buffer(BUFG)     : 24
Register Duplication               : YES
Slice Packing                      : YES
Optimize Instantiated Primitives   : NO
Use Clock Enable                   : Yes
Use Synchronous Set                : Yes
Use Synchronous Reset              : Yes
Pack IO Registers into IOBs        : Auto
Equivalent register Removal        : YES

---- General Options
Optimization Goal                  : Speed
Optimization Effort                : 1
Keep Hierarchy                     : No
Netlist Hierarchy                  : As_Optimized
RTL Output                         : Yes
Global Optimization                : AllClockNets
Read Cores                         : YES
Write Timing Constraints           : NO
Cross Clock Analysis               : NO
Hierarchy Separator                : /
Bus Delimiter                      : <>
Case Specifier                     : Maintain
Slice Utilization Ratio            : 100
BRAM Utilization Ratio             : 100
Verilog 2001                       : YES
Auto BRAM Packing                  : NO
Slice Utilization Ratio Delta      : 5

=========================================================================


=========================================================================
*                          HDL Compilation                              *
=========================================================================
Compiling vhdl file "C:/Users/lab/Desktop/learner/learner/learner/PS2_RX.vhd" in Library work.
Architecture behavioral of Entity ps2_rx is up to date.
Compiling vhdl file "C:/Users/lab/Desktop/learner/learner/learner/PS2_RX_SCH.vhf" in Library work.
Architecture behavioral of Entity ps2_rx_sch is up to date.

=========================================================================
*                     Design Hierarchy Analysis                         *
=========================================================================
Analyzing hierarchy for entity <PS2_RX_SCH> in library <work> (architecture <behavioral>).

Analyzing hierarchy for entity <PS2_RX> in library <work> (architecture <behavioral>).


=========================================================================
*                            HDL Analysis                               *
=========================================================================
Analyzing Entity <PS2_RX_SCH> in library <work> (Architecture <behavioral>).
WARNING:Xst:753 - "C:/Users/lab/Desktop/learner/learner/learner/PS2_RX_SCH.vhf" line 62: Unconnected output port 'TxBusy' of component 'RS232'.
WARNING:Xst:753 - "C:/Users/lab/Desktop/learner/learner/learner/PS2_RX_SCH.vhf" line 62: Unconnected output port 'RxRdy' of component 'RS232'.
WARNING:Xst:753 - "C:/Users/lab/Desktop/learner/learner/learner/PS2_RX_SCH.vhf" line 62: Unconnected output port 'RxDO' of component 'RS232'.
WARNING:Xst:2211 - "C:/Users/lab/Desktop/learner/learner/learner/PS2_RX_SCH.vhf" line 62: Instantiating black box module <RS232>.
Entity <PS2_RX_SCH> analyzed. Unit <PS2_RX_SCH> generated.

Analyzing Entity <PS2_RX> in library <work> (Architecture <behavioral>).
Entity <PS2_RX> analyzed. Unit <PS2_RX> generated.


=========================================================================
*                           HDL Synthesis                               *
=========================================================================

Performing bidirectional port resolution...

Synthesizing Unit <PS2_RX>.
    Related source file is "C:/Users/lab/Desktop/learner/learner/learner/PS2_RX.vhd".
    Found finite state machine <FSM_0> for signal <state>.
    -----------------------------------------------------------------------
    | States             | 3                                              |
    | Transitions        | 9                                              |
    | Inputs             | 5                                              |
    | Outputs            | 1                                              |
    | Clock              | CLK                       (rising_edge)        |
    | Power Up State     | idle                                           |
    | Encoding           | automatic                                      |
    | Implementation     | LUT                                            |
    -----------------------------------------------------------------------
    Found 2-bit register for signal <allow_new_data_bit>.
    Found 4-bit up counter for signal <mod11_counter>.
    Found 11-bit register for signal <shift_register_data>.
    Found 1-bit xor8 for signal <validate_parity$xor0000> created at line 81.
    Summary:
	inferred   1 Finite State Machine(s).
	inferred   1 Counter(s).
	inferred  13 D-type flip-flop(s).
	inferred   1 Xor(s).
Unit <PS2_RX> synthesized.


Synthesizing Unit <PS2_RX_SCH>.
    Related source file is "C:/Users/lab/Desktop/learner/learner/learner/PS2_RX_SCH.vhf".
Unit <PS2_RX_SCH> synthesized.


=========================================================================
HDL Synthesis Report

Macro Statistics
# Counters                                             : 1
 4-bit up counter                                      : 1
# Registers                                            : 13
 1-bit register                                        : 13
# Xors                                                 : 1
 1-bit xor8                                            : 1

=========================================================================

=========================================================================
*                       Advanced HDL Synthesis                          *
=========================================================================

Analyzing FSM <FSM_0> for best encoding.
Optimizing FSM <XLXI_2/state/FSM> on signal <state[1:2]> with user encoding.
-------------------------
 State       | Encoding
-------------------------
 idle        | 00
 check_valid | 01
 ps2_word_ok | 10
-------------------------
Reading core <RS232.ngc>.
Loading core <RS232> for timing and area information for instance <XLXI_1>.

=========================================================================
Advanced HDL Synthesis Report

Macro Statistics
# FSMs                                                 : 1
# Counters                                             : 1
 4-bit up counter                                      : 1
# Registers                                            : 13
 Flip-Flops                                            : 13
# Xors                                                 : 1
 1-bit xor8                                            : 1

=========================================================================

=========================================================================
*                         Low Level Synthesis                           *
=========================================================================

Optimizing unit <PS2_RX_SCH> ...

Optimizing unit <PS2_RX> ...

Mapping all equations...
Building and optimizing final netlist ...
Found area constraint ratio of 100 (+ 5) on block PS2_RX_SCH, actual ratio is 1.

Final Macro Processing ...

=========================================================================
Final Register Report

Macro Statistics
# Registers                                            : 19
 Flip-Flops                                            : 19

=========================================================================

=========================================================================
*                           Partition Report                            *
=========================================================================

Partition Implementation Status
-------------------------------

  No Partitions were found in this design.

-------------------------------

=========================================================================
*                            Final Report                               *
=========================================================================
Final Results
RTL Top Level Output File Name     : PS2_RX_SCH.ngr
Top Level Output File Name         : PS2_RX_SCH
Output Format                      : NGC
Optimization Goal                  : Speed
Keep Hierarchy                     : No

Design Statistics
# IOs                              : 6

Cell Usage :
# BELS                             : 111
#      GND                         : 1
#      INV                         : 9
#      LUT1                        : 16
#      LUT2                        : 11
#      LUT2_L                      : 1
#      LUT3                        : 14
#      LUT3_L                      : 2
#      LUT4                        : 16
#      LUT4_D                      : 3
#      LUT4_L                      : 3
#      MUXCY                       : 16
#      VCC                         : 1
#      XORCY                       : 18
# FlipFlops/Latches                : 90
#      FD                          : 9
#      FDE                         : 46
#      FDR                         : 20
#      FDRE                        : 14
#      FDRSE                       : 1
# Clock Buffers                    : 1
#      BUFGP                       : 1
# IO Buffers                       : 5
#      IBUF                        : 4
#      OBUF                        : 1
=========================================================================

Device utilization summary:
---------------------------

Selected Device : 3s500efg320-4 

 Number of Slices:                       58  out of   4656     1%  
 Number of Slice Flip Flops:             90  out of   9312     0%  
 Number of 4 input LUTs:                 75  out of   9312     0%  
 Number of IOs:                           6
 Number of bonded IOBs:                   6  out of    232     2%  
 Number of GCLKs:                         1  out of     24     4%  

---------------------------
Partition Resource Summary:
---------------------------

  No Partitions were found in this design.

---------------------------


=========================================================================
TIMING REPORT

NOTE: THESE TIMING NUMBERS ARE ONLY A SYNTHESIS ESTIMATE.
      FOR ACCURATE TIMING INFORMATION PLEASE REFER TO THE TRACE REPORT
      GENERATED AFTER PLACE-and-ROUTE.

Clock Information:
------------------
-----------------------------------+------------------------+-------+
Clock Signal                       | Clock buffer(FF name)  | Load  |
-----------------------------------+------------------------+-------+
Clk_50MHz                          | BUFGP                  | 90    |
-----------------------------------+------------------------+-------+

Asynchronous Control Signals Information:
----------------------------------------
No asynchronous control signals found in this design

Timing Summary:
---------------
Speed Grade: -4

   Minimum period: 5.845ns (Maximum Frequency: 171.086MHz)
   Minimum input arrival time before clock: 4.627ns
   Maximum output required time after clock: 4.283ns
   Maximum combinational path delay: No path found

Timing Detail:
--------------
All values displayed in nanoseconds (ns)

=========================================================================
Timing constraint: Default period analysis for Clock 'Clk_50MHz'
  Clock period: 5.845ns (frequency: 171.086MHz)
  Total number of paths / destination ports: 888 / 180
-------------------------------------------------------------------------
Delay:               5.845ns (Levels of Logic = 3)
  Source:            XLXI_1/cntTx_4 (FF)
  Destination:       XLXI_1/srTx_0 (FF)
  Source Clock:      Clk_50MHz rising
  Destination Clock: Clk_50MHz rising

  Data Path: XLXI_1/cntTx_4 to XLXI_1/srTx_0
                                Gate     Net
    Cell:in->out      fanout   Delay   Delay  Logical Name (Net Name)
    ----------------------------------------  ------------
     FDR:C->Q              3   0.591   0.706  cntTx_4 (cntTx<4>)
     LUT3:I0->O            1   0.704   0.424  TxBitNo_cmp_eq000016 (TxBitNo_cmp_eq000016)
     LUT4:I3->O            5   0.704   0.637  TxBitNo_cmp_eq000024 (TxBitNo_cmp_eq0000)
     LUT4:I3->O            9   0.704   0.820  srTx_not00011 (srTx_not0001)
     FDE:CE                    0.555          srTx_0
    ----------------------------------------
    Total                      5.845ns (3.258ns logic, 2.587ns route)
                                       (55.7% logic, 44.3% route)

=========================================================================
Timing constraint: Default OFFSET IN BEFORE for Clock 'Clk_50MHz'
  Total number of paths / destination ports: 8 / 7
-------------------------------------------------------------------------
Offset:              4.627ns (Levels of Logic = 4)
  Source:            RS232_RxD (PAD)
  Destination:       XLXI_1/iRxBusy (FF)
  Destination Clock: Clk_50MHz rising

  Data Path: RS232_RxD to XLXI_1/iRxBusy
                                Gate     Net
    Cell:in->out      fanout   Delay   Delay  Logical Name (Net Name)
    ----------------------------------------  ------------
     IBUF:I->O             3   1.218   0.535  RS232_RxD_IBUF (RS232_RxD_IBUF)
     begin scope: 'XLXI_1'
     LUT4_L:I3->LO         1   0.704   0.135  iRxBusy_or0000_SW0_SW0 (N8)
     LUT4:I2->O            1   0.704   0.420  iRxBusy_or0000 (iRxBusy_or0000)
     FDRE:R                    0.911          iRxBusy
    ----------------------------------------
    Total                      4.627ns (3.537ns logic, 1.090ns route)
                                       (76.4% logic, 23.6% route)

=========================================================================
Timing constraint: Default OFFSET OUT AFTER for Clock 'Clk_50MHz'
  Total number of paths / destination ports: 1 / 1
-------------------------------------------------------------------------
Offset:              4.283ns (Levels of Logic = 2)
  Source:            XLXI_1/srTx_0 (FF)
  Destination:       RS232_TxD (PAD)
  Source Clock:      Clk_50MHz rising

  Data Path: XLXI_1/srTx_0 to RS232_TxD
                                Gate     Net
    Cell:in->out      fanout   Delay   Delay  Logical Name (Net Name)
    ----------------------------------------  ------------
     FDE:C->Q              1   0.591   0.420  srTx_0 (RS232_TxD)
     end scope: 'XLXI_1'
     OBUF:I->O                 3.272          RS232_TxD_OBUF (RS232_TxD)
    ----------------------------------------
    Total                      4.283ns (3.863ns logic, 0.420ns route)
                                       (90.2% logic, 9.8% route)

=========================================================================


Total REAL time to Xst completion: 5.00 secs
Total CPU time to Xst completion: 5.26 secs
 
--> 

Total memory usage is 214664 kilobytes

Number of errors   :    0 (   0 filtered)
Number of warnings :    4 (   0 filtered)
Number of infos    :    0 (   0 filtered)

