Release 14.7 - xst P.20131013 (nt64)
Copyright (c) 1995-2013 Xilinx, Inc.  All rights reserved.
--> Parameter TMPDIR set to xst/projnav.tmp


Total REAL time to Xst completion: 0.00 secs
Total CPU time to Xst completion: 0.09 secs
 
--> Parameter xsthdpdir set to xst


Total REAL time to Xst completion: 0.00 secs
Total CPU time to Xst completion: 0.09 secs
 
--> Reading design: TYPE_LEARNER_SCH.prj

TABLE OF CONTENTS
  1) Synthesis Options Summary
  2) HDL Compilation
  3) Design Hierarchy Analysis
  4) HDL Analysis
  5) HDL Synthesis
     5.1) HDL Synthesis Report
  6) Advanced HDL Synthesis
     6.1) Advanced HDL Synthesis Report
  7) Low Level Synthesis
  8) Partition Report
  9) Final Report
	9.1) Device utilization summary
	9.2) Partition Resource Summary
	9.3) TIMING REPORT


=========================================================================
*                      Synthesis Options Summary                        *
=========================================================================
---- Source Parameters
Input File Name                    : "TYPE_LEARNER_SCH.prj"
Input Format                       : mixed
Ignore Synthesis Constraint File   : NO

---- Target Parameters
Output File Name                   : "TYPE_LEARNER_SCH"
Output Format                      : NGC
Target Device                      : xc3s500e-4-fg320

---- Source Options
Top Module Name                    : TYPE_LEARNER_SCH
Automatic FSM Extraction           : YES
FSM Encoding Algorithm             : Auto
Safe Implementation                : No
FSM Style                          : LUT
RAM Extraction                     : Yes
RAM Style                          : Auto
ROM Extraction                     : Yes
Mux Style                          : Auto
Decoder Extraction                 : YES
Priority Encoder Extraction        : Yes
Shift Register Extraction          : YES
Logical Shifter Extraction         : YES
XOR Collapsing                     : YES
ROM Style                          : Auto
Mux Extraction                     : Yes
Resource Sharing                   : YES
Asynchronous To Synchronous        : NO
Multiplier Style                   : Auto
Automatic Register Balancing       : No

---- Target Options
Add IO Buffers                     : YES
Global Maximum Fanout              : 100000
Add Generic Clock Buffer(BUFG)     : 24
Register Duplication               : YES
Slice Packing                      : YES
Optimize Instantiated Primitives   : NO
Use Clock Enable                   : Yes
Use Synchronous Set                : Yes
Use Synchronous Reset              : Yes
Pack IO Registers into IOBs        : Auto
Equivalent register Removal        : YES

---- General Options
Optimization Goal                  : Speed
Optimization Effort                : 1
Keep Hierarchy                     : No
Netlist Hierarchy                  : As_Optimized
RTL Output                         : Yes
Global Optimization                : AllClockNets
Read Cores                         : YES
Write Timing Constraints           : NO
Cross Clock Analysis               : NO
Hierarchy Separator                : /
Bus Delimiter                      : <>
Case Specifier                     : Maintain
Slice Utilization Ratio            : 100
BRAM Utilization Ratio             : 100
Verilog 2001                       : YES
Auto BRAM Packing                  : NO
Slice Utilization Ratio Delta      : 5

=========================================================================


=========================================================================
*                          HDL Compilation                              *
=========================================================================
Compiling vhdl file "C:/Users/Patryk Zdral/Documents/NEWEST/ucisw_projekt-16.05.2018_refactoring/PS2_RX.vhd" in Library work.
Architecture behavioral of Entity ps2_rx is up to date.
Compiling vhdl file "C:/Users/Patryk Zdral/Documents/NEWEST/ucisw_projekt-16.05.2018_refactoring/VGA_Colour_Changer.vhd" in Library work.
Architecture behavioral of Entity vga_colour_changer is up to date.
Compiling vhdl file "C:/Users/Patryk Zdral/Documents/NEWEST/ucisw_projekt-16.05.2018_refactoring/FSM_String.vhd" in Library work.
Entity <fsm_string> compiled.
Entity <fsm_string> (Architecture <rtl>) compiled.
Compiling vhdl file "C:/Users/Patryk Zdral/Documents/NEWEST/ucisw_projekt-16.05.2018_refactoring/TYPE_LEARNER_SCH.vhf" in Library work.
Architecture behavioral of Entity type_learner_sch is up to date.

=========================================================================
*                     Design Hierarchy Analysis                         *
=========================================================================
Analyzing hierarchy for entity <TYPE_LEARNER_SCH> in library <work> (architecture <behavioral>).

Analyzing hierarchy for entity <PS2_RX> in library <work> (architecture <behavioral>).

Analyzing hierarchy for entity <VGA_Colour_Changer> in library <work> (architecture <behavioral>).

Analyzing hierarchy for entity <FSM_String> in library <work> (architecture <rtl>).


=========================================================================
*                            HDL Analysis                               *
=========================================================================
Analyzing Entity <TYPE_LEARNER_SCH> in library <work> (Architecture <behavioral>).
WARNING:Xst:753 - "C:/Users/Patryk Zdral/Documents/NEWEST/ucisw_projekt-16.05.2018_refactoring/TYPE_LEARNER_SCH.vhf" line 141: Unconnected output port 'Busy' of component 'VGAtxt48x20'.
WARNING:Xst:2211 - "C:/Users/Patryk Zdral/Documents/NEWEST/ucisw_projekt-16.05.2018_refactoring/TYPE_LEARNER_SCH.vhf" line 141: Instantiating black box module <VGAtxt48x20>.
Entity <TYPE_LEARNER_SCH> analyzed. Unit <TYPE_LEARNER_SCH> generated.

Analyzing Entity <PS2_RX> in library <work> (Architecture <behavioral>).
Entity <PS2_RX> analyzed. Unit <PS2_RX> generated.

Analyzing Entity <VGA_Colour_Changer> in library <work> (Architecture <behavioral>).
Entity <VGA_Colour_Changer> analyzed. Unit <VGA_Colour_Changer> generated.

Analyzing Entity <FSM_String> in library <work> (Architecture <rtl>).
WARNING:Xst:790 - "C:/Users/Patryk Zdral/Documents/NEWEST/ucisw_projekt-16.05.2018_refactoring/FSM_String.vhd" line 86: Index value(s) does not match array range, simulation mismatch.
INFO:Xst:1433 - Contents of array <sentence_str_1> may be accessed with an index that exceeds the array size. This could cause simulation mismatch.
WARNING:Xst:790 - "C:/Users/Patryk Zdral/Documents/NEWEST/ucisw_projekt-16.05.2018_refactoring/FSM_String.vhd" line 86: Index value(s) does not match array range, simulation mismatch.
INFO:Xst:1433 - Contents of array <sentence_str_2> may be accessed with an index that exceeds the array size. This could cause simulation mismatch.
WARNING:Xst:790 - "C:/Users/Patryk Zdral/Documents/NEWEST/ucisw_projekt-16.05.2018_refactoring/FSM_String.vhd" line 86: Index value(s) does not match array range, simulation mismatch.
INFO:Xst:1433 - Contents of array <sentence_str_3> may be accessed with an index that exceeds the array size. This could cause simulation mismatch.
WARNING:Xst:790 - "C:/Users/Patryk Zdral/Documents/NEWEST/ucisw_projekt-16.05.2018_refactoring/FSM_String.vhd" line 97: Index value(s) does not match array range, simulation mismatch.
INFO:Xst:1433 - Contents of array <sentence_str_1> may be accessed with an index that exceeds the array size. This could cause simulation mismatch.
WARNING:Xst:790 - "C:/Users/Patryk Zdral/Documents/NEWEST/ucisw_projekt-16.05.2018_refactoring/FSM_String.vhd" line 97: Index value(s) does not match array range, simulation mismatch.
INFO:Xst:1433 - Contents of array <sentence_str_1> may be accessed with an index that exceeds the array size. This could cause simulation mismatch.
WARNING:Xst:790 - "C:/Users/Patryk Zdral/Documents/NEWEST/ucisw_projekt-16.05.2018_refactoring/FSM_String.vhd" line 97: Index value(s) does not match array range, simulation mismatch.
INFO:Xst:1433 - Contents of array <sentence_str_2> may be accessed with an index that exceeds the array size. This could cause simulation mismatch.
WARNING:Xst:790 - "C:/Users/Patryk Zdral/Documents/NEWEST/ucisw_projekt-16.05.2018_refactoring/FSM_String.vhd" line 97: Index value(s) does not match array range, simulation mismatch.
INFO:Xst:1433 - Contents of array <sentence_str_2> may be accessed with an index that exceeds the array size. This could cause simulation mismatch.
WARNING:Xst:790 - "C:/Users/Patryk Zdral/Documents/NEWEST/ucisw_projekt-16.05.2018_refactoring/FSM_String.vhd" line 97: Index value(s) does not match array range, simulation mismatch.
INFO:Xst:1433 - Contents of array <sentence_str_3> may be accessed with an index that exceeds the array size. This could cause simulation mismatch.
WARNING:Xst:790 - "C:/Users/Patryk Zdral/Documents/NEWEST/ucisw_projekt-16.05.2018_refactoring/FSM_String.vhd" line 97: Index value(s) does not match array range, simulation mismatch.
INFO:Xst:1433 - Contents of array <sentence_str_3> may be accessed with an index that exceeds the array size. This could cause simulation mismatch.
WARNING:Xst:790 - "C:/Users/Patryk Zdral/Documents/NEWEST/ucisw_projekt-16.05.2018_refactoring/FSM_String.vhd" line 107: Index value(s) does not match array range, simulation mismatch.
INFO:Xst:1433 - Contents of array <sentence_str_1> may be accessed with an index that exceeds the array size. This could cause simulation mismatch.
WARNING:Xst:790 - "C:/Users/Patryk Zdral/Documents/NEWEST/ucisw_projekt-16.05.2018_refactoring/FSM_String.vhd" line 107: Index value(s) does not match array range, simulation mismatch.
INFO:Xst:1433 - Contents of array <sentence_str_1> may be accessed with an index that exceeds the array size. This could cause simulation mismatch.
WARNING:Xst:790 - "C:/Users/Patryk Zdral/Documents/NEWEST/ucisw_projekt-16.05.2018_refactoring/FSM_String.vhd" line 107: Index value(s) does not match array range, simulation mismatch.
INFO:Xst:1433 - Contents of array <sentence_str_2> may be accessed with an index that exceeds the array size. This could cause simulation mismatch.
WARNING:Xst:790 - "C:/Users/Patryk Zdral/Documents/NEWEST/ucisw_projekt-16.05.2018_refactoring/FSM_String.vhd" line 107: Index value(s) does not match array range, simulation mismatch.
INFO:Xst:1433 - Contents of array <sentence_str_2> may be accessed with an index that exceeds the array size. This could cause simulation mismatch.
WARNING:Xst:790 - "C:/Users/Patryk Zdral/Documents/NEWEST/ucisw_projekt-16.05.2018_refactoring/FSM_String.vhd" line 107: Index value(s) does not match array range, simulation mismatch.
INFO:Xst:1433 - Contents of array <sentence_str_3> may be accessed with an index that exceeds the array size. This could cause simulation mismatch.
WARNING:Xst:790 - "C:/Users/Patryk Zdral/Documents/NEWEST/ucisw_projekt-16.05.2018_refactoring/FSM_String.vhd" line 107: Index value(s) does not match array range, simulation mismatch.
INFO:Xst:1433 - Contents of array <sentence_str_3> may be accessed with an index that exceeds the array size. This could cause simulation mismatch.
WARNING:Xst:819 - "C:/Users/Patryk Zdral/Documents/NEWEST/ucisw_projekt-16.05.2018_refactoring/FSM_String.vhd" line 77: One or more signals are missing in the process sensitivity list. To enable synthesis of FPGA/CPLD hardware, XST will assume that all necessary signals are present in the sensitivity list. Please note that the result of the synthesis may differ from the initial design specification. The missing signals are:
   <which_str>, <sentence_str_1>, <sentence_str_2>, <sentence_str_3>
WARNING:Xst:790 - "C:/Users/Patryk Zdral/Documents/NEWEST/ucisw_projekt-16.05.2018_refactoring/FSM_String.vhd" line 132: Index value(s) does not match array range, simulation mismatch.
INFO:Xst:1433 - Contents of array <sentence_str_1> may be accessed with an index that exceeds the array size. This could cause simulation mismatch.
WARNING:Xst:790 - "C:/Users/Patryk Zdral/Documents/NEWEST/ucisw_projekt-16.05.2018_refactoring/FSM_String.vhd" line 134: Index value(s) does not match array range, simulation mismatch.
INFO:Xst:1433 - Contents of array <sentence_str_2> may be accessed with an index that exceeds the array size. This could cause simulation mismatch.
WARNING:Xst:790 - "C:/Users/Patryk Zdral/Documents/NEWEST/ucisw_projekt-16.05.2018_refactoring/FSM_String.vhd" line 136: Index value(s) does not match array range, simulation mismatch.
INFO:Xst:1433 - Contents of array <sentence_str_3> may be accessed with an index that exceeds the array size. This could cause simulation mismatch.
WARNING:Xst:819 - "C:/Users/Patryk Zdral/Documents/NEWEST/ucisw_projekt-16.05.2018_refactoring/FSM_String.vhd" line 142: One or more signals are missing in the process sensitivity list. To enable synthesis of FPGA/CPLD hardware, XST will assume that all necessary signals are present in the sensitivity list. Please note that the result of the synthesis may differ from the initial design specification. The missing signals are:
   <CLK>
Entity <FSM_String> analyzed. Unit <FSM_String> generated.


=========================================================================
*                           HDL Synthesis                               *
=========================================================================

Performing bidirectional port resolution...

Synthesizing Unit <PS2_RX>.
    Related source file is "C:/Users/Patryk Zdral/Documents/NEWEST/ucisw_projekt-16.05.2018_refactoring/PS2_RX.vhd".
    Found finite state machine <FSM_0> for signal <state>.
    -----------------------------------------------------------------------
    | States             | 3                                              |
    | Transitions        | 9                                              |
    | Inputs             | 5                                              |
    | Outputs            | 1                                              |
    | Clock              | CLK                       (rising_edge)        |
    | Power Up State     | idle                                           |
    | Encoding           | automatic                                      |
    | Implementation     | LUT                                            |
    -----------------------------------------------------------------------
    Found 2-bit register for signal <allow_new_data_bit>.
    Found 4-bit up counter for signal <mod11_counter>.
    Found 11-bit register for signal <shift_register_data>.
    Found 1-bit xor8 for signal <validate_parity$xor0000> created at line 53.
    Summary:
	inferred   1 Finite State Machine(s).
	inferred   1 Counter(s).
	inferred  13 D-type flip-flop(s).
	inferred   1 Xor(s).
Unit <PS2_RX> synthesized.


Synthesizing Unit <VGA_Colour_Changer>.
    Related source file is "C:/Users/Patryk Zdral/Documents/NEWEST/ucisw_projekt-16.05.2018_refactoring/VGA_Colour_Changer.vhd".
    Register <VGA_G> equivalent to <VGA_B> has been removed
    Found 1-bit register for signal <VGA_B>.
    Found 1-bit register for signal <VGA_R>.
    Summary:
	inferred   2 D-type flip-flop(s).
Unit <VGA_Colour_Changer> synthesized.


Synthesizing Unit <FSM_String>.
    Related source file is "C:/Users/Patryk Zdral/Documents/NEWEST/ucisw_projekt-16.05.2018_refactoring/FSM_String.vhd".
WARNING:Xst:1781 - Signal <sentence_str_3> is used but never assigned. Tied to default value.
WARNING:Xst:1781 - Signal <sentence_str_2> is used but never assigned. Tied to default value.
WARNING:Xst:1781 - Signal <sentence_str_1> is used but never assigned. Tied to default value.
    Found finite state machine <FSM_1> for signal <state>.
    -----------------------------------------------------------------------
    | States             | 8                                              |
    | Transitions        | 48917                                          |
    | Inputs             | 17                                             |
    | Outputs            | 11                                             |
    | Clock              | CLK                       (rising_edge)        |
    | Reset              | RESET                     (positive)           |
    | Reset type         | synchronous                                    |
    | Reset State        | s_reset                                        |
    | Power Up State     | s_reset                                        |
    | Encoding           | automatic                                      |
    | Implementation     | LUT                                            |
    -----------------------------------------------------------------------
WARNING:Xst:737 - Found 8-bit latch for signal <VGA_DI>. Latches may be generated from incomplete case or if statements. We do not recommend the use of latches in FPGA/CPLD designs, as they may lead to timing problems.
    Found 29x8-bit ROM for signal <$varindex0002> created at line 97.
    Found 23x8-bit ROM for signal <$varindex0001> created at line 97.
    Found 30x8-bit ROM for signal <$varindex0000> created at line 97.
WARNING:Xst:737 - Found 1-bit latch for signal <VGA_COLOUR_MODE>. Latches may be generated from incomplete case or if statements. We do not recommend the use of latches in FPGA/CPLD designs, as they may lead to timing problems.
INFO:Xst:2371 - HDL ADVISOR - Logic functions respectively driving the data and gate enable inputs of this latch share common terms. This situation will potentially lead to setup/hold violations and, as a result, to simulation problems. This situation may come from an incomplete case statement (all selector values are not covered). You should carefully review if it was in your intentions to describe such a latch.
    Found 6-bit up counter for signal <current_str_idx>.
    Found 8-bit register for signal <scn_code_to_ascii>.
    Found 8-bit comparator equal for signal <state$cmp_eq0003> created at line 97.
    Found 8-bit comparator equal for signal <state$cmp_eq0004> created at line 97.
    Found 8-bit comparator equal for signal <state$cmp_eq0005> created at line 97.
    Found 8-bit comparator not equal for signal <state$cmp_ne0003> created at line 107.
    Found 8-bit comparator not equal for signal <state$cmp_ne0004> created at line 107.
    Found 8-bit comparator not equal for signal <state$cmp_ne0005> created at line 107.
    Found 32-bit down counter for signal <status_error>.
    Found 2-bit up counter for signal <which_str>.
    Summary:
	inferred   1 Finite State Machine(s).
	inferred   3 ROM(s).
	inferred   3 Counter(s).
	inferred   8 D-type flip-flop(s).
	inferred   6 Comparator(s).
Unit <FSM_String> synthesized.


Synthesizing Unit <TYPE_LEARNER_SCH>.
    Related source file is "C:/Users/Patryk Zdral/Documents/NEWEST/ucisw_projekt-16.05.2018_refactoring/TYPE_LEARNER_SCH.vhf".
WARNING:Xst:653 - Signal <XLXI_15_ScrollEn_openSignal> is used but never assigned. This sourceless signal will be automatically connected to value 0.
WARNING:Xst:653 - Signal <XLXI_15_ScrollClear_openSignal> is used but never assigned. This sourceless signal will be automatically connected to value 0.
WARNING:Xst:653 - Signal <XLXI_15_Goto00_openSignal> is used but never assigned. This sourceless signal will be automatically connected to value 0.
Unit <TYPE_LEARNER_SCH> synthesized.


=========================================================================
HDL Synthesis Report

Macro Statistics
# ROMs                                                 : 3
 23x8-bit ROM                                          : 1
 29x8-bit ROM                                          : 1
 30x8-bit ROM                                          : 1
# Counters                                             : 4
 2-bit up counter                                      : 1
 32-bit down counter                                   : 1
 4-bit up counter                                      : 1
 6-bit up counter                                      : 1
# Registers                                            : 16
 1-bit register                                        : 15
 8-bit register                                        : 1
# Latches                                              : 2
 1-bit latch                                           : 1
 8-bit latch                                           : 1
# Comparators                                          : 6
 8-bit comparator equal                                : 3
 8-bit comparator not equal                            : 3
# Xors                                                 : 1
 1-bit xor8                                            : 1

=========================================================================

=========================================================================
*                       Advanced HDL Synthesis                          *
=========================================================================

Analyzing FSM <FSM_1> for best encoding.
Optimizing FSM <XLXI_10/state/FSM> on signal <state[1:8]> with one-hot encoding.
------------------------------------------
 State                        | Encoding
------------------------------------------
 s_reset                      | 00000001
 s_loop_writing_pattern_chars | 00000100
 s_write_pattern_char         | 00000010
 s_new_line                   | 00001000
 s_end                        | 01000000
 s_before_write_typed_char    | 00010000
 s_write_typed_char           | 00100000
 s_error                      | 10000000
------------------------------------------
Analyzing FSM <FSM_0> for best encoding.
Optimizing FSM <XLXI_8/state/FSM> on signal <state[1:2]> with user encoding.
-------------------------
 State       | Encoding
-------------------------
 idle        | 00
 check_valid | 01
 ps2_word_ok | 10
-------------------------
Reading core <VGAtxt48x20.ngc>.
Loading core <VGAtxt48x20> for timing and area information for instance <XLXI_15>.
WARNING:Xst:1710 - FF/Latch <0> (without init value) has a constant value of 0 in block <7>. This FF/Latch will be trimmed during the optimization process.
WARNING:Xst:1293 - FF/Latch <scn_code_to_ascii_7> has a constant value of 0 in block <XLXI_10>. This FF/Latch will be trimmed during the optimization process.

=========================================================================
Advanced HDL Synthesis Report

Macro Statistics
# FSMs                                                 : 2
# ROMs                                                 : 3
 23x8-bit ROM                                          : 1
 29x8-bit ROM                                          : 1
 30x8-bit ROM                                          : 1
# Counters                                             : 4
 2-bit up counter                                      : 1
 32-bit down counter                                   : 1
 4-bit up counter                                      : 1
 6-bit up counter                                      : 1
# Registers                                            : 23
 Flip-Flops                                            : 23
# Latches                                              : 2
 1-bit latch                                           : 1
 8-bit latch                                           : 1
# Comparators                                          : 6
 8-bit comparator equal                                : 3
 8-bit comparator not equal                            : 3
# Xors                                                 : 1
 1-bit xor8                                            : 1

=========================================================================

=========================================================================
*                         Low Level Synthesis                           *
=========================================================================
WARNING:Xst:1293 - FF/Latch <scn_code_to_ascii_7> has a constant value of 0 in block <FSM_String>. This FF/Latch will be trimmed during the optimization process.
WARNING:Xst:1710 - FF/Latch <7> (without init value) has a constant value of 0 in block <LPM_LATCH_1>. This FF/Latch will be trimmed during the optimization process.

Optimizing unit <TYPE_LEARNER_SCH> ...

Optimizing unit <PS2_RX> ...

Mapping all equations...
Building and optimizing final netlist ...
Found area constraint ratio of 100 (+ 5) on block TYPE_LEARNER_SCH, actual ratio is 5.
FlipFlop XLXI_10/current_str_idx_0 has been replicated 1 time(s)
FlipFlop XLXI_10/current_str_idx_1 has been replicated 2 time(s)
FlipFlop XLXI_10/current_str_idx_2 has been replicated 1 time(s)
FlipFlop XLXI_10/current_str_idx_3 has been replicated 1 time(s)
FlipFlop XLXI_10/current_str_idx_4 has been replicated 2 time(s)

Final Macro Processing ...

=========================================================================
Final Register Report

Macro Statistics
# Registers                                            : 83
 Flip-Flops                                            : 83

=========================================================================

=========================================================================
*                           Partition Report                            *
=========================================================================

Partition Implementation Status
-------------------------------

  No Partitions were found in this design.

-------------------------------

=========================================================================
*                            Final Report                               *
=========================================================================
Final Results
RTL Top Level Output File Name     : TYPE_LEARNER_SCH.ngr
Top Level Output File Name         : TYPE_LEARNER_SCH
Output Format                      : NGC
Optimization Goal                  : Speed
Keep Hierarchy                     : No

Design Statistics
# IOs                              : 9

Cell Usage :
# BELS                             : 715
#      AND2                        : 1
#      AND3                        : 4
#      AND3B1                      : 4
#      GND                         : 2
#      INV                         : 44
#      LUT1                        : 44
#      LUT2                        : 47
#      LUT2_D                      : 1
#      LUT2_L                      : 4
#      LUT3                        : 55
#      LUT3_D                      : 7
#      LUT3_L                      : 6
#      LUT4                        : 226
#      LUT4_D                      : 16
#      LUT4_L                      : 18
#      MUXCY                       : 92
#      MUXF5                       : 45
#      MUXF5_L                     : 2
#      MUXF6                       : 6
#      OR2                         : 5
#      VCC                         : 2
#      XOR2                        : 1
#      XORCY                       : 83
# FlipFlops/Latches                : 189
#      FD                          : 38
#      FDE                         : 33
#      FDR                         : 53
#      FDRE                        : 52
#      FDRS                        : 2
#      FDS                         : 2
#      FDSE                        : 1
#      LD_1                        : 1
#      LDCPE                       : 7
# RAMS                             : 2
#      RAMB16_S9                   : 1
#      RAMB16_S9_S9                : 1
# Shift Registers                  : 3
#      SRL16                       : 3
# Clock Buffers                    : 1
#      BUFGP                       : 1
# IO Buffers                       : 8
#      IBUF                        : 3
#      OBUF                        : 5
=========================================================================

Device utilization summary:
---------------------------

Selected Device : 3s500efg320-4 

 Number of Slices:                      257  out of   4656     5%  
 Number of Slice Flip Flops:            189  out of   9312     2%  
 Number of 4 input LUTs:                471  out of   9312     5%  
    Number used as logic:               468
    Number used as Shift registers:       3
 Number of IOs:                           9
 Number of bonded IOBs:                   9  out of    232     3%  
 Number of BRAMs:                         2  out of     20    10%  
 Number of GCLKs:                         1  out of     24     4%  

---------------------------
Partition Resource Summary:
---------------------------

  No Partitions were found in this design.

---------------------------


=========================================================================
TIMING REPORT

NOTE: THESE TIMING NUMBERS ARE ONLY A SYNTHESIS ESTIMATE.
      FOR ACCURATE TIMING INFORMATION PLEASE REFER TO THE TRACE REPORT
      GENERATED AFTER PLACE-and-ROUTE.

Clock Information:
------------------
----------------------------------------------------------------+---------------------------------+-------+
Clock Signal                                                    | Clock buffer(FF name)           | Load  |
----------------------------------------------------------------+---------------------------------+-------+
Clk_50MHz                                                       | BUFGP                           | 186   |
XLXI_10/state_cmp_eq0002(XLXI_10/state_cmp_eq00021:O)           | NONE(*)(XLXI_10/VGA_DI_6)       | 7     |
XLXI_10/VGA_COLOUR_MODE_or0000(XLXI_10/VGA_COLOUR_MODE_or0000:O)| NONE(*)(XLXI_10/VGA_COLOUR_MODE)| 1     |
----------------------------------------------------------------+---------------------------------+-------+
(*) These 2 clock signal(s) are generated by combinatorial logic,
and XST is not able to identify which are the primary clock signals.
Please use the CLOCK_SIGNAL constraint to specify the clock signal(s) generated by combinatorial logic.
INFO:Xst:2169 - HDL ADVISOR - Some clock signals were not automatically buffered by XST with BUFG/BUFR resources. Please use the buffer_type constraint in order to insert these buffers to the clock signals to help prevent skew problems.

Asynchronous Control Signals Information:
----------------------------------------
-------------------------------------------------------+------------------------+-------+
Control Signal                                         | Buffer(FF name)        | Load  |
-------------------------------------------------------+------------------------+-------+
XLXI_10/VGA_DI_0__and0000(XLXI_10/VGA_DI_0__and00001:O)| NONE(XLXI_10/VGA_DI_0) | 1     |
XLXI_10/VGA_DI_0__and0001(XLXI_10/VGA_DI_0__and00011:O)| NONE(XLXI_10/VGA_DI_0) | 1     |
XLXI_10/VGA_DI_1__and0000(XLXI_10/VGA_DI_1__and00001:O)| NONE(XLXI_10/VGA_DI_1) | 1     |
XLXI_10/VGA_DI_1__and0001(XLXI_10/VGA_DI_1__and00011:O)| NONE(XLXI_10/VGA_DI_1) | 1     |
XLXI_10/VGA_DI_2__and0000(XLXI_10/VGA_DI_2__and00001:O)| NONE(XLXI_10/VGA_DI_2) | 1     |
XLXI_10/VGA_DI_2__and0001(XLXI_10/VGA_DI_2__and00011:O)| NONE(XLXI_10/VGA_DI_2) | 1     |
XLXI_10/VGA_DI_3__and0000(XLXI_10/VGA_DI_3__and00001:O)| NONE(XLXI_10/VGA_DI_3) | 1     |
XLXI_10/VGA_DI_3__and0001(XLXI_10/VGA_DI_3__and00011:O)| NONE(XLXI_10/VGA_DI_3) | 1     |
XLXI_10/VGA_DI_4__and0000(XLXI_10/VGA_DI_4__and00001:O)| NONE(XLXI_10/VGA_DI_4) | 1     |
XLXI_10/VGA_DI_4__and0001(XLXI_10/VGA_DI_4__and00011:O)| NONE(XLXI_10/VGA_DI_4) | 1     |
XLXI_10/VGA_DI_5__and0000(XLXI_10/VGA_DI_5__and00001:O)| NONE(XLXI_10/VGA_DI_5) | 1     |
XLXI_10/VGA_DI_5__and0001(XLXI_10/VGA_DI_5__and00011:O)| NONE(XLXI_10/VGA_DI_5) | 1     |
XLXI_10/VGA_DI_6__and0000(XLXI_10/VGA_DI_6__and00001:O)| NONE(XLXI_10/VGA_DI_6) | 1     |
XLXI_10/VGA_DI_6__and0001(XLXI_10/VGA_DI_6__and00011:O)| NONE(XLXI_10/VGA_DI_6) | 1     |
-------------------------------------------------------+------------------------+-------+

Timing Summary:
---------------
Speed Grade: -4

   Minimum period: 10.100ns (Maximum Frequency: 99.009MHz)
   Minimum input arrival time before clock: 2.886ns
   Maximum output required time after clock: 4.450ns
   Maximum combinational path delay: No path found

Timing Detail:
--------------
All values displayed in nanoseconds (ns)

=========================================================================
Timing constraint: Default period analysis for Clock 'Clk_50MHz'
  Clock period: 10.100ns (frequency: 99.009MHz)
  Total number of paths / destination ports: 5728 / 414
-------------------------------------------------------------------------
Delay:               10.100ns (Levels of Logic = 7)
  Source:            XLXI_10/current_str_idx_2 (FF)
  Destination:       XLXI_10/state_FSM_FFd1 (FF)
  Source Clock:      Clk_50MHz rising
  Destination Clock: Clk_50MHz rising

  Data Path: XLXI_10/current_str_idx_2 to XLXI_10/state_FSM_FFd1
                                Gate     Net
    Cell:in->out      fanout   Delay   Delay  Logical Name (Net Name)
    ----------------------------------------  ------------
     FDRE:C->Q            38   0.591   1.299  XLXI_10/current_str_idx_2 (XLXI_10/current_str_idx_2)
     LUT3_D:I2->O          8   0.704   0.792  XLXI_10/Mrom__varindex000251 (XLXI_10/Mrom__varindex00025)
     LUT4:I2->O            2   0.704   0.526  XLXI_10/state_cmp_ne000532 (XLXI_10/state_cmp_ne000532)
     LUT4:I1->O            6   0.704   0.673  XLXI_10/state_cmp_ne0005153 (XLXI_10/state_cmp_ne0005)
     LUT4_D:I3->O          1   0.704   0.424  XLXI_10/state_FSM_FFd1-In121 (N104)
     LUT4:I3->O            1   0.704   0.455  XLXI_10/state_FSM_FFd1-In132_SW0 (N75)
     LUT4_L:I2->LO         1   0.704   0.104  XLXI_10/state_FSM_FFd1-In132 (XLXI_10/state_FSM_FFd1-In132)
     LUT4:I3->O            1   0.704   0.000  XLXI_10/state_FSM_FFd1-In176 (XLXI_10/state_FSM_FFd1-In)
     FDR:D                     0.308          XLXI_10/state_FSM_FFd1
    ----------------------------------------
    Total                     10.100ns (5.827ns logic, 4.273ns route)
                                       (57.7% logic, 42.3% route)

=========================================================================
Timing constraint: Default OFFSET IN BEFORE for Clock 'Clk_50MHz'
  Total number of paths / destination ports: 10 / 10
-------------------------------------------------------------------------
Offset:              2.886ns (Levels of Logic = 1)
  Source:            BTN_SOUTH (PAD)
  Destination:       XLXI_10/state_FSM_FFd8 (FF)
  Destination Clock: Clk_50MHz rising

  Data Path: BTN_SOUTH to XLXI_10/state_FSM_FFd8
                                Gate     Net
    Cell:in->out      fanout   Delay   Delay  Logical Name (Net Name)
    ----------------------------------------  ------------
     IBUF:I->O             8   1.218   0.757  BTN_SOUTH_IBUF (BTN_SOUTH_IBUF)
     FDR:R                     0.911          XLXI_10/state_FSM_FFd1
    ----------------------------------------
    Total                      2.886ns (2.129ns logic, 0.757ns route)
                                       (73.8% logic, 26.2% route)

=========================================================================
Timing constraint: Default OFFSET OUT AFTER for Clock 'Clk_50MHz'
  Total number of paths / destination ports: 5 / 5
-------------------------------------------------------------------------
Offset:              4.450ns (Levels of Logic = 2)
  Source:            XLXI_15/I_ModeCtrl/HSync (FF)
  Destination:       VGA_HS (PAD)
  Source Clock:      Clk_50MHz rising

  Data Path: XLXI_15/I_ModeCtrl/HSync to VGA_HS
                                Gate     Net
    Cell:in->out      fanout   Delay   Delay  Logical Name (Net Name)
    ----------------------------------------  ------------
     FD:C->Q               4   0.591   0.587  I_ModeCtrl/HSync (VGA_HS)
     end scope: 'XLXI_15'
     OBUF:I->O                 3.272          VGA_HS_OBUF (VGA_HS)
    ----------------------------------------
    Total                      4.450ns (3.863ns logic, 0.587ns route)
                                       (86.8% logic, 13.2% route)

=========================================================================


Total REAL time to Xst completion: 9.00 secs
Total CPU time to Xst completion: 8.37 secs
 
--> 

Total memory usage is 4567868 kilobytes

Number of errors   :    0 (   0 filtered)
Number of warnings :   34 (   0 filtered)
Number of infos    :   20 (   0 filtered)

