EN ps2_rx NULL C:/Users/lab/Desktop/NEW/learner/PS2_RX.vhd sub00/vhpl00 1526040394
AR fsm_string rtl C:/Users/lab/Desktop/NEW/learner/FSM_String.vhd sub00/vhpl05 1526040393
EN ps2_rx_sch NULL C:/Users/lab/Desktop/learner/learner/learner/PS2_RX_SCH.vhf sub00/vhpl02 1523618470
EN fsm_string NULL C:/Users/lab/Desktop/NEW/learner/FSM_String.vhd sub00/vhpl04 1526040392
AR ps2_rx_sch behavioral C:/Users/lab/Desktop/learner/learner/learner/PS2_RX_SCH.vhf sub00/vhpl03 1523618471
AR ps2_rx behavioral C:/Users/lab/Desktop/NEW/learner/PS2_RX.vhd sub00/vhpl01 1526040395
AR type_learner_sch behavioral C:/Users/lab/Desktop/NEW/learner/TYPE_LEARNER_SCH.vhf sub00/vhpl07 1526040397
EN type_learner_sch NULL C:/Users/lab/Desktop/NEW/learner/TYPE_LEARNER_SCH.vhf sub00/vhpl06 1526040396
