EN type_learner_sch NULL D:/mrfarinq/Projects/Xilinx/projects/zaliczenie/uciswowe_gowno/TYPE_LEARNER_SCH.vhf sub00/vhpl06 1527122663
EN ps2_rx NULL D:/mrfarinq/Projects/Xilinx/projects/zaliczenie/uciswowe_gowno/PS2_RX.vhd sub00/vhpl00 1527122657
EN ps2_rx_sch NULL C:/Users/lab/Desktop/learner/learner/learner/PS2_RX_SCH.vhf sub00/vhpl02 1523618470
AR type_learner_sch behavioral D:/mrfarinq/Projects/Xilinx/projects/zaliczenie/uciswowe_gowno/TYPE_LEARNER_SCH.vhf sub00/vhpl07 1527122664
EN fsm_string NULL D:/mrfarinq/Projects/Xilinx/projects/zaliczenie/uciswowe_gowno/FSM_String.vhd sub00/vhpl04 1527122661
AR vga_colour_changer behavioral D:/mrfarinq/Projects/Xilinx/projects/zaliczenie/uciswowe_gowno/VGA_Colour_Changer.vhd sub00/vhpl09 1527122660
EN vga_colour_changer NULL D:/mrfarinq/Projects/Xilinx/projects/zaliczenie/uciswowe_gowno/VGA_Colour_Changer.vhd sub00/vhpl08 1527122659
AR ps2_rx behavioral D:/mrfarinq/Projects/Xilinx/projects/zaliczenie/uciswowe_gowno/PS2_RX.vhd sub00/vhpl01 1527122658
AR ps2_rx_sch behavioral C:/Users/lab/Desktop/learner/learner/learner/PS2_RX_SCH.vhf sub00/vhpl03 1523618471
AR fsm_string rtl D:/mrfarinq/Projects/Xilinx/projects/zaliczenie/uciswowe_gowno/FSM_String.vhd sub00/vhpl05 1527122662
