EN ps2_rx NULL C:/Users/lab/Desktop/NEW/learner/PS2_RX.vhd sub00/vhpl00 1526479903
AR fsm_string rtl C:/Users/lab/Desktop/NEW/learner/FSM_String.vhd sub00/vhpl05 1526479902
EN ps2_rx_sch NULL C:/Users/lab/Desktop/learner/learner/learner/PS2_RX_SCH.vhf sub00/vhpl02 1523618470
EN fsm_string NULL C:/Users/lab/Desktop/NEW/learner/FSM_String.vhd sub00/vhpl04 1526479901
EN vga_colour_changer NULL C:/Users/lab/Desktop/NEW/learner/VGA_Colour_Changer.vhd sub00/vhpl08 1526479905
AR vga_colour_changer behavioral C:/Users/lab/Desktop/NEW/learner/VGA_Colour_Changer.vhd sub00/vhpl09 1526479906
AR ps2_rx_sch behavioral C:/Users/lab/Desktop/learner/learner/learner/PS2_RX_SCH.vhf sub00/vhpl03 1523618471
AR ps2_rx behavioral C:/Users/lab/Desktop/NEW/learner/PS2_RX.vhd sub00/vhpl01 1526479904
AR type_learner_sch behavioral C:/Users/lab/Desktop/NEW/learner/TYPE_LEARNER_SCH.vhf sub00/vhpl07 1526479908
EN type_learner_sch NULL C:/Users/lab/Desktop/NEW/learner/TYPE_LEARNER_SCH.vhf sub00/vhpl06 1526479907
